# 约束

## 什么是约束

约束对应的英语单词：`constraint`
在创建表的时候，我们可以给表中的字段加上一些约束，来保证这个表中数据的	完整性、有效性约束的作用就是为了保证：表中的数据有效

## 约束包括那些

* 非空约束：`not null`
* 唯一性约束: `unique`
* 主键约束: `primary key` （简称PK）
* 外键约束：`foreign key`（简称FK）
* 检查约束：`check`（`mysql`不支持，`oracle`支持）

## 非空约束`not null`

约束的字段不能为`null`

```mysql
create table t_vip(
	id int,
	name varchar(255) not null 
);
insert into t_vip(id,name) values(1,'zhangsan');
insert into t_vip(id,name) values(2,'lisi');

insert into t_vip(id) values(3);
```

可以看到以下结果

```shell
...
mysql> insert into t_vip(id) values(3);
ERROR 1364 (HY000): Field 'name' doesn't have a default value
```

> `filename.sql`这种文件被称为`sql`脚本文件，其中编写了大量的`sql`语句，批量执行可以使用
>
> ```shell
> source 'pathtofile/filename.sql'
> ```

## 唯一性约束`unique`

约束的字段不能重复，但是可以为`null`

```mysql
drop table if exists t_vip;
create table t_vip(
	id int,
	name varchar(255) unique,
	email varchar(255)
);
insert into t_vip(id,name,email) values(1,'zhangsan','zhangsan@123.com');
insert into t_vip(id,name,email) values(2,'lisi','lisi@123.com');
insert into t_vip(id,name,email) values(3,'wangwu','wangwu@123.com');
select * from t_vip;

insert into t_vip(id,name,email) values(4,'wangwu','wangwu@sina.com');
```

运行报错

```mysql
mysql> insert into t_vip(id,name,email) values(4,'wangwu','wangwu@sina.com');
ERROR 1062 (23000): Duplicate entry 'wangwu' for key 't_vip.name'
```

插入`null`

```mysql
insert into t_vip(id) values(4);
insert into t_vip(id) values(5);
```

结果

```mysql
mysql> insert into t_vip(id) values(4);
Query OK, 1 row affected (0.00 sec)

mysql> insert into t_vip(id) values(5);
Query OK, 1 row affected (0.00 sec)

mysql> select * from t_vip;
+------+----------+------------------+
| id   | name     | email            |
+------+----------+------------------+
|    1 | zhangsan | zhangsan@123.com |
|    2 | lisi     | lisi@123.com     |
|    3 | wangwu   | wangwu@123.com   |
|    4 | NULL     | NULL             |
|    5 | NULL     | NULL             |
+------+----------+------------------+
5 rows in set (0.00 sec)
```

新需求：`name`和`email`两个字段联合起来具有唯一性

```mysql
drop table if exists t_vip;
create table t_vip(
	id int,
	name varchar(255) unique,
	email varchar(255) unique
);

insert into t_vip(id,name,email) values(1,'zhangsan','zhangsan@123.com');
insert into t_vip(id,name,email) values(2,'zhangsan','zhangsan@sina.com');
```

这样创建的表不符合上述的新需求，这样创建的结果是`name`和`email`各自具有唯一性，可以看到第二条记录无法插入

需要使用`unique(name, email)`联合两个字段

```mysql
drop table if exists t_vip;
create table t_vip(
	id int,
	name varchar(255),
	email varchar(255),
	unique(name,email)
);
insert into t_vip(id,name,email) values(1,'zhangsan','zhangsan@123.com');
insert into t_vip(id,name,email) values(2,'zhangsan','zhangsan@sina.com');
select * from t_vip;
```

运行后结果

```mysql
mysql> insert into t_vip(id,name,email) values(1,'zhangsan','zhangsan@123.com');
Query OK, 1 row affected (0.00 sec)

mysql> insert into t_vip(id,name,email) values(2,'zhangsan','zhangsan@sina.com');
Query OK, 1 row affected (0.00 sec)

mysql> select * from t_vip;
+------+----------+-------------------+
| id   | name     | email             |
+------+----------+-------------------+
|    1 | zhangsan | zhangsan@123.com  |
|    2 | zhangsan | zhangsan@sina.com |
+------+----------+-------------------+
2 rows in set (0.00 sec)

mysql> insert into t_vip(id,name,email) values(3,'zhangsan','zhangsan@sina.com');
ERROR 1062 (23000): Duplicate entry 'zhangsan-zhangsan@sina.com' for key 't_vip.name'
```

> * 约束直接添加到列后面的，叫做**列级约束**
> * 约束没有添加在列的后面，这种约束被称为**表级约束**
> * 需要给**多个字段联合起来**添加某一个约束的时候，需要使用表级约束

`unique`和`not null`可以联合吗

```mysql
mysql> create table t_vip(
    -> id int,
    -> name varchar(255) not null unique
    -> );
Query OK, 0 rows affected (0.01 sec)

mysql> desc t_vip;
+-------+--------------+------+-----+---------+-------+
| Field | Type         | Null | Key | Default | Extra |
+-------+--------------+------+-----+---------+-------+
| id    | int          | YES  |     | NULL    |       |
| name  | varchar(255) | NO   | PRI | NULL    |       |
+-------+--------------+------+-----+---------+-------+
2 rows in set (0.01 sec)
```

> 在mysql当中，如果一个字段同时被`not null`和`unique`约束的话，该字段**自动变成主键字段**。（注意：`oracle`中不一样！）

```mysql
mysql> insert into t_vip(id,name) values(1,'zhangsan');
Query OK, 1 row affected (0.00 sec)

mysql> insert into t_vip(id,name) values(2,'zhangsan');
ERROR 1062 (23000): Duplicate entry 'zhangsan' for key 't_vip.name'
mysql> insert into t_vip(id) values(2);
ERROR 1364 (HY000): Field 'name' doesn't have a default value
```

## 主键约束（`primary key`，简称`pk`）

主键约束的相关术语：
* 主键约束：就是一种约束。

* 主键字段：该字段上添加了主键约束，这样的字段叫做：主键字段
* 主键值：主键字段中的每一个值都叫做：主键值。

> * 主键是每一行记录的唯一标识，主键值是每一行记录的身份证号
>
> * 一张表，主键约束只能添加一个
>
> * 任何一张表都应该有主键，没有主键，表无效
>
> * 主键的特征：`not null` + `unique`，主键不能是`null`，同时也不能重复
>
> * 主键值建议使用`int`、`bigint`、`char`等类型，不建议使用`varchar`做主键
>
> * 主键除了单一 主键和复合主键，还可以分类：
>
>   * 自然主键：一个自然数和业务没关系
>   * 业务主键：主键值和业务紧密相关联，例如拿银行卡账号坐主键值
>
>   在实际开发中使用**业务主键**多：
>
>   * 只要主键做到不重复就行，不需要有意义
>   * 一旦和业务挂钩，那么业务变动的时候，可能会影响到主键值，所以业务主键不建议使用

如何添加主键约束

```mysql
drop table if exists t_vip;
create table t_vip(
	id int primary key,
	name varchar(255)
);

insert into t_vip(id, name) values(1, 'zhangsan');
insert into t_vip(id, name) values(2, 'lisi');
insert into t_vip(id, name) values(2, 'wangwu');
```

执行结果

```mysql
mysql> insert into t_vip(id, name) values(1, 'zhangsan');
Query OK, 1 row affected (0.00 sec)

mysql> insert into t_vip(id, name) values(2, 'lisi');
Query OK, 1 row affected (0.00 sec)

mysql> insert into t_vip(id, name) values(2, 'wangwu');
ERROR 1062 (23000): Duplicate entry '2' for key 't_vip.PRIMARY'
```

**可以使用表级约束添加主键**

```mysql
create table t_vip(
	id int,
	name varchar(255),
	primary key(id)
);
```

表级约束主要是用来多个字段联合起来添加约束，这种叫做**复合主键**

```mysql
create table t_vip(
	id int,
    name varchar(255),
    email varchar(255),
    primary key(id, email)
);
```

> 在实际开发中不建议使用复合主键，建议使用单一主键
>
> 因为主键值存在的意义就是这行记录的身份证号，只要意义达到即可，复合主键比较复杂，不建议使用

在`mysql`，可以自动维护主键增长`auto_increment`

```mysql
drop table if exists t_vip;
create table t_vip(
	id int primary key auto_increment,
	name varchar(255)
);

insert into t_vip(name) values('zhangsan');
insert into t_vip(name) values('zhangsan');
insert into t_vip(name) values('zhangsan');
insert into t_vip(name) values('zhangsan');
insert into t_vip(name) values('zhangsan');
insert into t_vip(name) values('zhangsan');
insert into t_vip(name) values('zhangsan');
insert into t_vip(name) values('zhangsan');
insert into t_vip(name) values('zhangsan');
select * from t_vip;
```

```mysql
mysql> select * from t_vip;
+----+----------+
| id | name     |
+----+----------+
|  1 | zhangsan |
|  2 | zhangsan |
|  3 | zhangsan |
|  4 | zhangsan |
|  5 | zhangsan |
|  6 | zhangsan |
|  7 | zhangsan |
|  8 | zhangsan |
|  9 | zhangsan |
+----+----------+
9 rows in set (0.00 sec)
```

## 外键约束（`foreign key`，简称`fk`）

相关术语：

* 外键约束：一种约束（`foreign key`）
* 外键字段：该字段上添加了外键约束
* 外键值：外键字段当中的每一个值

如果有两个表建立联系，`t_class`是父表，`t_student`是子表

* 删除表的顺序：先删子，再删父
* 创建表的顺序：先创父，再创建子
* 删除数据的顺序：先删子，再删父
* 插入数据的顺序：先插入父，在插入子

```mysql
drop table if exists t_student;
drop table if exists t_class;

create table t_class(
	classno int primary key,
	classname varchar(255)
);
create table t_student(
	no int primary key auto_increment,
	name varchar(255),
	cno int,
	foreign key(cno) references t_class(classno)
);

insert into t_class(classno, classname) values(100, "CQU-BME-1");
insert into t_class(classno, classname) values(101, "CQU-BME-2");

insert into t_student(name, cno) values('jack', 100);
insert into t_student(name, cno) values('lucy', 100);
insert into t_student(name, cno) values('lilwi', 100);
insert into t_student(name, cno) values('mary', 100);
insert into t_student(name, cno) values('madao', 101);
insert into t_student(name, cno) values('madao233', 101);
insert into t_student(name, cno) values('lihong', 101);
insert into t_student(name, cno) values('theShy', 101);
insert into t_student(name, cno) values('theTang', 101);
```

```mysql
mysql> select * from t_class;
+---------+-----------+
| classno | classname |
+---------+-----------+
|     100 | CQU-BME-1 |
|     101 | CQU-BME-2 |
+---------+-----------+
2 rows in set (0.00 sec)

mysql> select * from t_student;
+----+----------+------+
| no | name     | cno  |
+----+----------+------+
|  1 | jack     |  100 |
|  2 | lucy     |  100 |
|  3 | lilwi    |  100 |
|  4 | mary     |  100 |
|  5 | madao    |  101 |
|  6 | madao233 |  101 |
|  7 | lihong   |  101 |
|  8 | theShy   |  101 |
|  9 | theTang  |  101 |
+----+----------+------+
9 rows in set (0.00 sec)

mysql> select s.name as name, t.classname as classname from t_student s join t_class t on s.cno = t.classno;
+----------+-----------+
| name     | classname |
+----------+-----------+
| jack     | CQU-BME-1 |
| lucy     | CQU-BME-1 |
| lilwi    | CQU-BME-1 |
| mary     | CQU-BME-1 |
| madao    | CQU-BME-2 |
| madao233 | CQU-BME-2 |
| lihong   | CQU-BME-2 |
| theShy   | CQU-BME-2 |
| theTang  | CQU-BME-2 |
+----------+-----------+
9 rows in set (0.00 sec)
```

如果插入一个学生的`cno`不是来自于`t_class`的`classno`，会出现错误

```mysql
mysql> insert into t_student(name, cno) values('madao10086', 102);
ERROR 1452 (23000): Cannot add or update a child row: a foreign key constraint fails (`bjpowermode`.`t_student`, CONSTRAINT `t_student_ibfk_1` FOREIGN KEY (`cno`) REFERENCES `t_class` (`classno`))
```

> * 外键可以为`null`
> * 子表中的外键引用的父表中的某个字段，被引用的这个字段可以不是主键，但是必须具有`unique`约束

