# 表的操作

## 表的创建

### 建表的语法格式

建表属于DDL语句，包括：`create drop alter`

```mysql
create table 表名(字段名1 数据类型, 字段名2 数据类型, 字段名3 数据类型);
```

> 表明建议`t_`或者`tb_`开始
>
> 字段名建议用可读性的字符表示

### 数据类型

有很多的数据类型


* `varchar ` 可变字符串，比较智能，节省空间，会根据实际的数据长度动态分配空间

  > 最长255
  >
  > 优点：节省空间
  >
  > 缺点：需要动态分配空间，速度慢

* `char ` 不管实际的数据长度是多少，分配固定长度的空间去存储数据，使用不恰当的时候，可能会导致空间的浪费

  > 最长255
  >
  > 优点：不需要动态分配空间，速度快
  >
  > 缺点：使用不当可能会导致空间的浪费
  >
  > `varchar`和`char`如何选择
  >
  > 性别字段固定，可以选择`char`
  >
  > 名字不定长，可以选择`varchar`

* `int` 数字中的整数型，等同于`java`的`int`

* `bigint` 数字中的长整型

* `float` 单精度浮点型数据

* `double` 双精度浮点型数据

* `date` 短日期类型

* `datetime` 长日期类型

* `clob` 字符大对象，最多可以存储`4G`的字符串

  > 比如存储一篇文章，存储一个说明，超过255个字符的都要采用`clob`字符大对象来存储
  >
  > `Character Large Object :CLOB`

* `blog` 二进制大对象

  > `Binary Large OBject`
  >
  > 专门存储图片、声音、视频等流媒体数据
  >
  > 往`blog`类型的字段插入数据的时候，例如插入一个图片、视频等，需要使用`IO`流

例子

`t_movie` 电影表（专门存储电影信息）

编号			名字				        故事情节					上映日期				时长				海报					类型

no(bigint)	name(varchar)	history(clob)		playtime(date)		time(double)	image(blob)			type(char)

​	10000			哪吒				...........			2019-10-11			2.5				....					'1'
​	10001			林正英之娘娘   ...........			2019-11-11			1.5				....					'2'
​	....

### 创建一个学生表

```mysql
create table t_student(no int, name varchar(32), sex char(1), age int(3), email varchar(255));
```

如果表存在，无法创建，需要删除表

```mysql
drop table t_student;
```

但是表不存在的时候删除可能会报错，最后删除的时候进行检查

```mysql
drop table if exists t_student;
```

### 插入数据`insert`

属于`DML`语句

```mysql
insert into 表名(字段名1, 字段名2, 字段名3 ...) values(值1, 值2, 值3);
```

> 注意：字段名和值要一一对应，数量要对应，数据类型要对应

```mysql
insert into t_student(no, name, sex, age, email) values(1, "zhangsan", "m", 20, "zhangshan@163.com");
insert into t_student(email, name, sex, age, no) values('isis@163.com', 'lisi', 'f', 22, 2);
```

查询一下

```mysql
mysql> select * from t_student;
+------+----------+------+------+-------------------+
| no   | name     | sex  | age  | email             |
+------+----------+------+------+-------------------+
|    1 | zhangsan | m    |   20 | zhangshan@163.com |
|    2 | lisi     | f    |   22 | isis@163.com      |
+------+----------+------+------+-------------------+
2 rows in set (0.00 sec)
```

> `insert`语句但凡是执行成功了，那么必然会多一条记录。没有给其它字段指定值的话，默认值是`NULL`。

指定表格的默认值

```mysql
drop table if exists t_student;
create table t_student(
	no int, 
	name varchar(32),
	sex char(1) default 'm',
	age int(3),
	email varchar(255)
);
```

查看一下表格格式

```mysql
mysql> desc t_student;
+-------+--------------+------+-----+---------+-------+
| Field | Type         | Null | Key | Default | Extra |
+-------+--------------+------+-----+---------+-------+
| no    | int          | YES  |     | NULL    |       |
| name  | varchar(32)  | YES  |     | NULL    |       |
| sex   | char(1)      | YES  |     | m       |       |
| age   | int          | YES  |     | NULL    |       |
| email | varchar(255) | YES  |     | NULL    |       |
+-------+--------------+------+-----+---------+-------+
5 rows in set (0.00 sec)
```

> `insert`语句中的**字段名**可以省略，但是前面的字段名省略了，等于都写上了，所以值需要都写上

```mysql
insert into t_student values('isis@163.com', 'lisi', 'f', 22, 2);
```

### `insert`插入日期

格式化数字：`format(数字, '格式')`

```mysql
mysql> select ename,format(sal, '$999,999') as sal from emp;
+--------+-------+
| ename  | sal   |
+--------+-------+
| SMITH  | 800   |
| ALLEN  | 1,600 |
| WARD   | 1,250 |
| JONES  | 2,975 |
| MARTIN | 1,250 |
| BLAKE  | 2,850 |
| CLARK  | 2,450 |
| SCOTT  | 3,000 |
| KING   | 5,000 |
| TURNER | 1,500 |
| ADAMS  | 1,100 |
| JAMES  | 950   |
| FORD   | 3,000 |
| MILLER | 1,300 |
+--------+-------+
14 rows in set, 14 warnings (0.00 sec)
```

`str_to_date`：将字符串`varchar`类型转换成`date`类型
`date_format`：将`date`类型转换成具有一定格式的`varchar`字符串类型。



```mysql
drop table if exists t_user;
create table t_user(
	id int,
    name varchar(32),
    birth date
);

create table t_user(
	id int,
	varchar(32),
	char(10) // 生日可以使用字符串，没问题。
);
```

> 数据库中的有一条命名规范：所有的标识符都是全部小写，单词和单词之间使用下划线进行衔接

```mysql
mysql> desc t_user;
+-------+-------------+------+-----+---------+-------+
| Field | Type        | Null | Key | Default | Extra |
+-------+-------------+------+-----+---------+-------+
| id    | int         | YES  |     | NULL    |       |
| name  | varchar(32) | YES  |     | NULL    |       |
| birth | date        | YES  |     | NULL    |       |
+-------+-------------+------+-----+---------+-------+
3 rows in set (0.01 sec)
```

尝试插入数据

```mysql
mysql> insert into t_user(id,name,birth) values(1, 'zhangsan', '01-10-1990');
ERROR 1292 (22007): Incorrect date value: '01-10-1990' for column 'birth' at row 1
```

> 发现数据不匹配，数据库`birth`是`data`类型，这里给的是一个字符串`varchar`
>
> 可以使用`str_to_date`函数进行类型转换
>
> ```mysql
> str_to_date('字符串日期', '日期格式');
> ```

`mysql`的日期格式：

* `%Y` 年
* `%m ` 月
* `%d` 日
* `%h` 时
* `%i` 分
* `%s` 秒

> `str_to_date`函数可以把字符串`varchar`转换成日期`date`类型数据，通常使用在插入`insert`方面，因为插入的时候需要一个日期类型的数据，需要通过该函数将字符串转换成`date`。

```mysql
insert into t_user(id,name,birth) values(1, 'zhangsan', str_to_date('01-10-1990','%d-%m-%Y'));
```

> 如果你提供的日期字符串是这个格式`%Y-%m-%d`，`str_to_date`函数就不需要了

```mysql
insert into t_user(id,name,birth) values(2, 'lisi', '1990-10-01');
```

以特定格式显示`date_format`

`date_format`函数怎么用？

```mysql
date_format(日期类型数据, '日期格式');
```

这个函数通常使用在查询日期方面。设置展示的日期格式。

```mysql
mysql> select id,name,date_format(birth,'%Y/%m/%d') as birth from t_user;
+------+----------+------------+
| id   | name     | birth      |
+------+----------+------------+
|    1 | zhangsan | 1990/10/01 |
|    2 | lisi     | 1990/10/01 |
+------+----------+------------+
2 rows in set (0.00 sec)
```

### `date`和`datetime`两个类型的区别



* `date`是短日期：只包括年月日信息，默认格式：`%Y-%m-%d`
* `datetime`是长日期：包括年月日时分秒信息，默认格式是：`%Y-%m-%d %h:%i:%s`

```mysql
drop table if exists t_user;
create table t_user(
    id int,
	name varchar(32),
	birth date,
	create_time datetime
);
```

尝试插入

```mysql
mysql> insert into t_user(id,name,birth,create_time) values(1,'zhangsan','1990-10-01','2020-03-18 15:49:50');
Query OK, 1 row affected (0.01 sec)

mysql> select * from t_user;
+------+----------+------------+---------------------+
| id   | name     | birth      | create_time         |
+------+----------+------------+---------------------+
|    1 | zhangsan | 1990-10-01 | 2020-03-18 15:49:50 |
+------+----------+------------+---------------------+
1 row in set (0.00 sec)
```

> 在`mysql`当中如何获取系统当前时间：`now()`， 并且获取的时间带有时分秒，是`datetime`格式的
>
> ```mysql
> mysql> insert into t_user(id,name,birth,create_time) values(2,'lisi','1991-10-01',now());
> Query OK, 1 row affected (0.00 sec)
> 
> mysql> select * from t_user;
> +------+----------+------------+---------------------+
> | id   | name     | birth      | create_time         |
> +------+----------+------------+---------------------+
> |    1 | zhangsan | 1990-10-01 | 2020-03-18 15:49:50 |
> |    2 | lisi     | 1991-10-01 | 2022-02-27 15:21:10 |
> +------+----------+------------+---------------------+
> 2 rows in set (0.00 sec)
> ```

### 修改`update`

属于`DML`语句

```mysql
update 表名 set 字段名1=值1,字段名2=值2,字段名3=值3... where 条件;
```

> 没有条件显示会导致所有数据全部更新

```mysql
mysql> update t_user set name = 'jack', birth = '2000-10-11', create_time = now() where id = 2;
Query OK, 1 row affected (0.00 sec)
Rows matched: 1  Changed: 1  Warnings: 0

mysql> select * from t_user;
+------+----------+------------+---------------------+
| id   | name     | birth      | create_time         |
+------+----------+------------+---------------------+
|    1 | zhangsan | 1990-10-01 | 2020-03-18 15:49:50 |
|    2 | jack     | 2000-10-11 | 2022-02-27 15:24:24 |
+------+----------+------------+---------------------+
2 rows in set (0.00 sec)
```

更新所有

```mysql
mysql> update t_user set name = 'abc';
Query OK, 0 rows affected (0.00 sec)
Rows matched: 2  Changed: 0  Warnings: 0

mysql> select * from t_user;
+------+------+------------+---------------------+
| id   | name | birth      | create_time         |
+------+------+------------+---------------------+
|    1 | abc  | 1990-10-01 | 2020-03-18 15:49:50 |
|    2 | abc  | 2000-10-11 | 2022-02-27 15:24:24 |
+------+------+------------+---------------------+
2 rows in set (0.00 sec)
```

### 删除数据`delete`

```mysql
delete from 表明 where 条件;
```

> 没有条件会全部删除

```mysql
delete from t_user where id = 2;

delete * from t_user; // 删除所有
```

